[log] writing to /root/qwen35_palettize/logs/train_sb0.log (overwrite mode)

======================================================================
=== Training super-block 0 (soft_indices=True) ===
  max_steps: 8300  lora_rank: 16
  seq_len: 512  batch_size: 32
  tokens/step: 16384
  tau: 2.0 → 0.1 over 4000 steps
  resume_from: /root/qwen35_palettize/trained/superblock_0_best
======================================================================

=== Building student super-block 0 (soft_indices=True) ===
Loading prefix: layers 0-3 (4 layers)...
Warning: You are sending unauthenticated requests to the HF Hub. Please set a HF_TOKEN to enable higher rate limits and faster downloads.
Downloading bytes:           |  0.00B            
Reconstructing (incomplete total...): |          |  0.00B /  0.00B            [A

Fetching 2 files:   0%|          | 0/2 [00:00<?, ?it/s][A[AFetching 2 files: 100%|##########| 2/2 [00:00<00:00, 1551.15it/s]
Download complete: :           |  0.00B            
Reconstruction complete: |          |  0.00B /  0.00B                         [ADownload complete: :           |  0.00B            
Reconstruction complete: |          |  0.00B /  0.00B            
Loading weights:   0%|          | 0/426 [00:00<?, ?it/s]Loading weights: 100%|##########| 426/426 [00:00<00:00, 15512.34it/s]
  Loaded prefix: 1,081,957,952 params (4 layers + embed_tokens)
  Palettized 25 Linears to 2-bit (soft_indices=True)
  Attached LoRA (rank-16 + rank-32 on 5 worst-cos) to 31 Linears across 4 layers
  Cast all params to torch.bfloat16 (index_logits kept fp16)

=== Param counts ===
  palettes: 2,208
  lora: 4,688,896
  correction: 0
  layernorms: 611,392
  frozen: 635,701,760
  indices: 1,782,579,200
  Resumed 140 params from /root/qwen35_palettize/trained/superblock_0_best (step=8000, cos=0.946436)

=== Building optimizers ===
  Muon  groups:   9  — {'layernorms': 9}  (fp32 master)
  AdamW groups: 106  — {'layernorms': 19, 'lora': 62, 'palettes': 25}  (fp32 master, beta2=0.95)
/usr/local/lib/python3.10/dist-packages/torch/optim/lr_scheduler.py:192: UserWarning: Detected call of `lr_scheduler.step()` before `optimizer.step()`. In PyTorch 1.1.0 and later, you should call them in the opposite order: `optimizer.step()` before `lr_scheduler.step()`.  Failure to do this will result in PyTorch skipping the first value of the learning rate schedule. See more details at https://pytorch.org/docs/stable/optim.html#how-to-adjust-learning-rate
  warnings.warn(
/usr/local/lib/python3.10/dist-packages/torch/optim/lr_scheduler.py:204: UserWarning: The epoch parameter in `scheduler.step()` was not necessary and is being deprecated where possible. Please use `scheduler.step()` to step the scheduler. During the deprecation, if epoch is different from None, the closed form is used instead of the new chainable form, where available. Please open an issue if you are unable to replicate your use case: https://github.com/pytorch/pytorch/issues/new/choose.
  warnings.warn(EPOCH_DEPRECATION_WARNING, UserWarning)
  Advanced LR scheduler to step 8000

=== Loading teacher (prefix only, same as student) ===
Loading prefix: layers 0-3 (4 layers)...
Downloading bytes:           |  0.00B            
Reconstructing (incomplete total...): |          |  0.00B /  0.00B            [A

Fetching 2 files:   0%|          | 0/2 [00:00<?, ?it/s][A[AFetching 2 files: 100%|##########| 2/2 [00:00<00:00, 1887.63it/s]
Download complete: :           |  0.00B            
Reconstruction complete: |          |  0.00B /  0.00B                         [A

Loading weights:   0%|          | 0/426 [00:00<?, ?it/s][A[ALoading weights: 100%|##########| 426/426 [00:00<00:00, 14025.13it/s]
Download complete: :           |  0.00B            
Reconstruction complete: |          |  0.00B /  0.00B            
